------------------------------------------------------------
TimeQuest Timing Analyzer Summary
------------------------------------------------------------

Type  : Slow Model Setup 'clkDiv:CLK|ax'
Slack : -4.699
TNS   : -57.395

Type  : Slow Model Setup 'clk_27'
Slack : -2.680
TNS   : -45.418

Type  : Slow Model Hold 'clk_27'
Slack : -2.473
TNS   : -2.473

Type  : Slow Model Hold 'clkDiv:CLK|ax'
Slack : 0.391
TNS   : 0.000

Type  : Slow Model Recovery 'clkDiv:CLK|ax'
Slack : -2.515
TNS   : -10.015

Type  : Slow Model Removal 'clkDiv:CLK|ax'
Slack : 1.031
TNS   : 0.000

Type  : Slow Model Minimum Pulse Width 'clkDiv:CLK|ax'
Slack : -1.423
TNS   : -33.384

Type  : Slow Model Minimum Pulse Width 'clk_27'
Slack : -1.380
TNS   : -26.380

Type  : Fast Model Setup 'clkDiv:CLK|ax'
Slack : -1.837
TNS   : -20.036

Type  : Fast Model Setup 'clk_27'
Slack : -0.756
TNS   : -9.029

Type  : Fast Model Hold 'clk_27'
Slack : -1.524
TNS   : -1.524

Type  : Fast Model Hold 'clkDiv:CLK|ax'
Slack : 0.215
TNS   : 0.000

Type  : Fast Model Recovery 'clkDiv:CLK|ax'
Slack : -0.689
TNS   : -2.252

Type  : Fast Model Removal 'clkDiv:CLK|ax'
Slack : 0.582
TNS   : 0.000

Type  : Fast Model Minimum Pulse Width 'clkDiv:CLK|ax'
Slack : -1.423
TNS   : -33.384

Type  : Fast Model Minimum Pulse Width 'clk_27'
Slack : -1.380
TNS   : -26.380

------------------------------------------------------------
