------------------------------------------------------------
TimeQuest Timing Analyzer Summary
------------------------------------------------------------

Type  : Slow Model Setup 'clkDiv:DIV|ax'
Slack : -5.154
TNS   : -49.856

Type  : Slow Model Setup 'clk_27'
Slack : -2.701
TNS   : -43.989

Type  : Slow Model Hold 'clk_27'
Slack : -2.518
TNS   : -2.518

Type  : Slow Model Hold 'clkDiv:DIV|ax'
Slack : 0.391
TNS   : 0.000

Type  : Slow Model Recovery 'clkDiv:DIV|ax'
Slack : -0.802
TNS   : -6.416

Type  : Slow Model Removal 'clkDiv:DIV|ax'
Slack : 1.436
TNS   : 0.000

Type  : Slow Model Minimum Pulse Width 'clkDiv:DIV|ax'
Slack : -2.000
TNS   : -80.000

Type  : Slow Model Minimum Pulse Width 'clk_27'
Slack : -1.380
TNS   : -26.380

Type  : Fast Model Setup 'clkDiv:DIV|ax'
Slack : -2.363
TNS   : -25.103

Type  : Fast Model Setup 'clk_27'
Slack : -0.773
TNS   : -8.469

Type  : Fast Model Hold 'clk_27'
Slack : -1.562
TNS   : -1.562

Type  : Fast Model Hold 'clkDiv:DIV|ax'
Slack : 0.215
TNS   : 0.000

Type  : Fast Model Recovery 'clkDiv:DIV|ax'
Slack : 0.076
TNS   : 0.000

Type  : Fast Model Removal 'clkDiv:DIV|ax'
Slack : 0.752
TNS   : 0.000

Type  : Fast Model Minimum Pulse Width 'clkDiv:DIV|ax'
Slack : -2.000
TNS   : -80.000

Type  : Fast Model Minimum Pulse Width 'clk_27'
Slack : -1.380
TNS   : -26.380

------------------------------------------------------------
