------------------------------------------------------------
TimeQuest Timing Analyzer Summary
------------------------------------------------------------

Type  : Slow Model Setup 'CLK_Div:clk_pm|ax'
Slack : -12.278
TNS   : -1087.002

Type  : Slow Model Setup 'clk27'
Slack : -1.367
TNS   : -7.316

Type  : Slow Model Hold 'clk27'
Slack : -2.507
TNS   : -2.507

Type  : Slow Model Hold 'CLK_Div:clk_pm|ax'
Slack : 0.391
TNS   : 0.000

Type  : Slow Model Recovery 'CLK_Div:clk_pm|ax'
Slack : -1.613
TNS   : -18.040

Type  : Slow Model Removal 'CLK_Div:clk_pm|ax'
Slack : 1.080
TNS   : 0.000

Type  : Slow Model Minimum Pulse Width 'CLK_Div:clk_pm|ax'
Slack : -2.000
TNS   : -370.000

Type  : Slow Model Minimum Pulse Width 'clk27'
Slack : -1.380
TNS   : -9.380

Type  : Fast Model Setup 'CLK_Div:clk_pm|ax'
Slack : -5.330
TNS   : -459.401

Type  : Fast Model Setup 'clk27'
Slack : -0.089
TNS   : -0.129

Type  : Fast Model Hold 'clk27'
Slack : -1.555
TNS   : -1.555

Type  : Fast Model Hold 'CLK_Div:clk_pm|ax'
Slack : 0.215
TNS   : 0.000

Type  : Fast Model Recovery 'CLK_Div:clk_pm|ax'
Slack : -0.297
TNS   : -2.376

Type  : Fast Model Removal 'CLK_Div:clk_pm|ax'
Slack : 0.610
TNS   : 0.000

Type  : Fast Model Minimum Pulse Width 'CLK_Div:clk_pm|ax'
Slack : -2.000
TNS   : -370.000

Type  : Fast Model Minimum Pulse Width 'clk27'
Slack : -1.380
TNS   : -9.380

------------------------------------------------------------
