------------------------------------------------------------
TimeQuest Timing Analyzer Summary
------------------------------------------------------------

Type  : Slow Model Setup 'CLK_Div:clk_pm|ax'
Slack : -12.840
TNS   : -1092.282

Type  : Slow Model Setup 'clk27'
Slack : -2.393
TNS   : -29.348

Type  : Slow Model Hold 'clk27'
Slack : -2.523
TNS   : -2.523

Type  : Slow Model Hold 'CLK_Div:clk_pm|ax'
Slack : 0.391
TNS   : 0.000

Type  : Slow Model Recovery 'CLK_Div:clk_pm|ax'
Slack : -0.952
TNS   : -3.808

Type  : Slow Model Removal 'CLK_Div:clk_pm|ax'
Slack : 1.424
TNS   : 0.000

Type  : Slow Model Minimum Pulse Width 'CLK_Div:clk_pm|ax'
Slack : -2.000
TNS   : -341.000

Type  : Slow Model Minimum Pulse Width 'clk27'
Slack : -1.380
TNS   : -20.380

Type  : Fast Model Setup 'CLK_Div:clk_pm|ax'
Slack : -5.546
TNS   : -480.332

Type  : Fast Model Setup 'clk27'
Slack : -0.597
TNS   : -4.187

Type  : Fast Model Hold 'clk27'
Slack : -1.567
TNS   : -1.567

Type  : Fast Model Hold 'CLK_Div:clk_pm|ax'
Slack : 0.215
TNS   : 0.000

Type  : Fast Model Recovery 'CLK_Div:clk_pm|ax'
Slack : 0.000
TNS   : 0.000

Type  : Fast Model Removal 'CLK_Div:clk_pm|ax'
Slack : 0.745
TNS   : 0.000

Type  : Fast Model Minimum Pulse Width 'CLK_Div:clk_pm|ax'
Slack : -2.000
TNS   : -341.000

Type  : Fast Model Minimum Pulse Width 'clk27'
Slack : -1.380
TNS   : -20.380

------------------------------------------------------------
