------------------------------------------------------------
TimeQuest Timing Analyzer Summary
------------------------------------------------------------

Type  : Slow Model Setup 'clk_div:clockzao|ax'
Slack : -15.108
TNS   : -1025.295

Type  : Slow Model Setup 'clk27'
Slack : -2.695
TNS   : -46.047

Type  : Slow Model Hold 'clk27'
Slack : -2.471
TNS   : -2.471

Type  : Slow Model Hold 'clk_div:clockzao|ax'
Slack : 0.391
TNS   : 0.000

Type  : Slow Model Minimum Pulse Width 'clk_div:clockzao|ax'
Slack : -2.000
TNS   : -281.000

Type  : Slow Model Minimum Pulse Width 'clk27'
Slack : -1.380
TNS   : -26.380

Type  : Fast Model Setup 'clk_div:clockzao|ax'
Slack : -6.235
TNS   : -449.584

Type  : Fast Model Setup 'clk27'
Slack : -0.768
TNS   : -9.335

Type  : Fast Model Hold 'clk27'
Slack : -1.520
TNS   : -1.520

Type  : Fast Model Hold 'clk_div:clockzao|ax'
Slack : 0.215
TNS   : 0.000

Type  : Fast Model Minimum Pulse Width 'clk_div:clockzao|ax'
Slack : -2.000
TNS   : -281.000

Type  : Fast Model Minimum Pulse Width 'clk27'
Slack : -1.380
TNS   : -26.380

------------------------------------------------------------
